[December 8, 2019, 1:43 am] = <b>Пользовательская ОШИБКА</b> [256] Что то пошло не так<br />Фатальная ошибка в строке 4 файла W:\domains\localhost\dz1\index.phpЗавершение работы...\n[December 8, 2019, 1:44 am] = <b>Пользовательская ОШИБКА</b> [256] Что то пошло не так<br />Фатальная ошибка в строке 4 файла W:\domains\localhost\dz1\index.phpЗавершение работы...\n[December 8, 2019, 1:44 am] = <b>Пользовательская ОШИБКА</b> [256] Что то пошло не так<br />Фатальная ошибка в строке 4 файла W:\domains\localhost\dz1\index.phpЗавершение работы...\n[December 8, 2019, 1:45 am] = <b>Пользовательская ОШИБКА</b> [256] Что то пошло не так<br />Фатальная ошибка в строке 4 файла W:\domains\localhost\dz1\index.phpЗавершение работы...
[December 8, 2019, 1:46 am] = <b>Пользовательская ОШИБКА</b> [256] Что то пошло не так<br />Фатальная ошибка в строке 4 файла W:\domains\localhost\dz1\index.phpЗавершение работы...[December 8, 2019, 1:47 am] = <b>Пользовательская ОШИБКА</b> [256] Что то пошло не так<br />Фатальная ошибка в строке 4 файла W:\domains\localhost\dz1\index.phpЗавершение работы...[December 8, 2019, 1:50 am] = Пользовательское предупреждение errno = 512; errstr = Что то пошло не так; errfile = W:\domains\localhost\dz1\index.php; errline = 4[December 8, 2019, 1:51 am] = Пользовательское предупреждение errno = 512; errstr = Что то пошло не так; errfile = W:\domains\localhost\dz1\index.php; errline = 4[December 8, 2019, 1:51 am] = Пользовательское предупреждение errno = 512; errstr = Что то пошло не так; errfile = W:\domains\localhost\dz1\index.php; errline = 4[December 8, 2019, 1:52 am] = Пользовательское уведомление errno = 1024; errstr = Что то пошло не так; errfile = W:\domains\localhost\dz1\index.php; errline = 4[December 8, 2019, 1:52 am] = Пользовательское уведомление errno = 1024; errstr = Что то пошло не так; errfile = W:\domains\localhost\dz1\index.php; errline = 4[December 8, 2019, 2:10 am] = Преподобное исключение[December 8, 2019, 2:16 am] = Пользовательское уведомление errno = 1024; errstr = Что то пошло не так; errfile = W:\domains\localhost\dz1\index.php; errline = 5[December 8, 2019, 2:17 am] = Пользовательское уведомление errno = 1024; errstr = Что то пошло не так; errfile = W:\domains\localhost\dz1\index.php; errline = 5